\BOOKMARK [1][-]{section.1}{\376\377\000I\000n\000t\000r\000o\000d\000u\000\347\000\343\000o}{}% 1
\BOOKMARK [1][-]{section.2}{\376\377\000T\000r\000a\000b\000a\000l\000h\000o\000s\000\040\000R\000e\000l\000a\000c\000i\000o\000n\000a\000d\000o\000s}{}% 2
\BOOKMARK [1][-]{section.3}{\376\377\000A\000r\000q\000u\000i\000t\000e\000t\000u\000r\000a\000\040\000d\000o\000\040\000S\000i\000s\000t\000e\000m\000a}{}% 3
\BOOKMARK [2][-]{subsection.3.1}{\376\377\000F\000o\000n\000t\000e\000s\000\040\000d\000e\000\040\000D\000a\000d\000o\000s}{section.3}% 4
\BOOKMARK [2][-]{subsection.3.2}{\376\377\000M\000o\000d\000o\000s\000\040\000d\000e\000\040\000O\000p\000e\000r\000a\000\347\000\343\000o}{section.3}% 5
\BOOKMARK [2][-]{subsection.3.3}{\376\377\000B\000a\000c\000k\000e\000n\000d\000\040\000F\000a\000s\000t\000A\000P\000I}{section.3}% 6
\BOOKMARK [2][-]{subsection.3.4}{\376\377\000P\000i\000p\000e\000l\000i\000n\000e\000\040\000L\000a\000n\000g\000G\000r\000a\000p\000h}{section.3}% 7
\BOOKMARK [2][-]{subsection.3.5}{\376\377\000A\000g\000e\000n\000t\000e\000\040\000R\000e\000A\000c\000t}{section.3}% 8
\BOOKMARK [2][-]{subsection.3.6}{\376\377\000M\000\363\000d\000u\000l\000o\000\040\000R\000A\000G\000\040\040\023\000\040\000C\000h\000a\000t\000\040\000d\000a\000\040\000P\000e\000s\000q\000u\000i\000s\000a}{section.3}% 9
\BOOKMARK [2][-]{subsection.3.7}{\376\377\000F\000r\000o\000n\000t\000e\000n\000d\000\040\000R\000e\000a\000c\000t}{section.3}% 10
\BOOKMARK [2][-]{subsection.3.8}{\376\377\000C\000l\000a\000s\000s\000i\000f\000i\000c\000a\000d\000o\000r\000\040\000d\000e\000\040\000R\000i\000s\000c\000o}{section.3}% 11
\BOOKMARK [1][-]{section.4}{\376\377\000I\000m\000p\000l\000a\000n\000t\000a\000\347\000\343\000o\000\040\000e\000\040\000D\000e\000p\000l\000o\000y}{}% 12
\BOOKMARK [1][-]{section.5}{\376\377\000R\000e\000s\000u\000l\000t\000a\000d\000o\000s\000\040\000E\000x\000p\000e\000r\000i\000m\000e\000n\000t\000a\000i\000s}{}% 13
\BOOKMARK [2][-]{subsection.5.1}{\376\377\000A\000n\000\341\000l\000i\000s\000e\000\040\000d\000e\000\040\000S\000e\000n\000s\000i\000b\000i\000l\000i\000d\000a\000d\000e\000\040\000d\000o\000\040\000C\000l\000a\000s\000s\000i\000f\000i\000c\000a\000d\000o\000r}{section.5}% 14
\BOOKMARK [2][-]{subsection.5.2}{\376\377\000D\000e\000s\000e\000m\000p\000e\000n\000h\000o\000\040\000d\000o\000\040\000A\000g\000e\000n\000t\000e\000\040\000R\000e\000A\000c\000t}{section.5}% 15
\BOOKMARK [2][-]{subsection.5.3}{\376\377\000A\000v\000a\000l\000i\000a\000\347\000\343\000o\000\040\000d\000o\000\040\000M\000\363\000d\000u\000l\000o\000\040\000R\000A\000G}{section.5}% 16
\BOOKMARK [1][-]{section.6}{\376\377\000D\000i\000s\000c\000u\000s\000s\000\343\000o}{}% 17
\BOOKMARK [2][-]{subsection.6.1}{\376\377\000F\000o\000n\000t\000e\000s\000\040\000d\000e\000\040\000D\000a\000d\000o\000s\000\040\000A\000b\000e\000r\000t\000a\000s}{section.6}% 18
\BOOKMARK [2][-]{subsection.6.2}{\376\377\000A\000u\000d\000i\000t\000a\000b\000i\000l\000i\000d\000a\000d\000e\000\040\000d\000o\000s\000\040\000A\000g\000e\000n\000t\000e\000s}{section.6}% 19
\BOOKMARK [2][-]{subsection.6.3}{\376\377\000L\000i\000m\000i\000t\000a\000\347\000\365\000e\000s}{section.6}% 20
\BOOKMARK [1][-]{section.7}{\376\377\000C\000o\000n\000c\000l\000u\000s\000\343\000o\000\040\000e\000\040\000T\000r\000a\000b\000a\000l\000h\000o\000s\000\040\000F\000u\000t\000u\000r\000o\000s}{}% 21
