\BOOKMARK [1][-]{section.1}{\376\377\000I\000n\000t\000r\000o\000d\000u\000c\000t\000i\000o\000n}{}% 1
\BOOKMARK [2][-]{subsection.1.1}{\376\377\000C\000o\000n\000t\000e\000x\000t}{section.1}% 2
\BOOKMARK [2][-]{subsection.1.2}{\376\377\000R\000e\000l\000a\000t\000e\000d\000\040\000W\000o\000r\000k}{section.1}% 3
\BOOKMARK [2][-]{subsection.1.3}{\376\377\000C\000o\000n\000t\000r\000i\000b\000u\000t\000i\000o\000n\000s}{section.1}% 4
\BOOKMARK [1][-]{section.2}{\376\377\000M\000e\000t\000h\000o\000d\000o\000l\000o\000g\000y}{}% 5
\BOOKMARK [2][-]{subsection.2.1}{\376\377\000D\000a\000t\000a\000\040\000S\000o\000u\000r\000c\000e\000s\000\040\000a\000n\000d\000\040\000P\000r\000e\000p\000r\000o\000c\000e\000s\000s\000i\000n\000g}{section.2}% 6
\BOOKMARK [2][-]{subsection.2.2}{\376\377\000M\000u\000l\000t\000i\000-\000S\000c\000a\000l\000e\000\040\000A\000n\000o\000m\000a\000l\000y\000\040\000S\000c\000o\000r\000e}{section.2}% 7
\BOOKMARK [2][-]{subsection.2.3}{\376\377\000D\000i\000g\000i\000t\000a\000l\000\040\000T\000w\000i\000n\000\040\000T\000e\000m\000p\000o\000r\000a\000l\000\040\000A\000s\000s\000i\000m\000i\000l\000a\000t\000i\000o\000n}{section.2}% 8
\BOOKMARK [2][-]{subsection.2.4}{\376\377\000C\000o\000m\000b\000i\000n\000e\000d\000\040\000P\000e\000r\000s\000i\000s\000t\000e\000n\000c\000e\000\040\000M\000e\000t\000h\000o\000d}{section.2}% 9
\BOOKMARK [2][-]{subsection.2.5}{\376\377\000C\000o\000n\000s\000e\000n\000s\000u\000s\000\040\000E\000n\000s\000e\000m\000b\000l\000e\000\040\000\050\000M\000u\000l\000t\000i\000-\000V\000i\000e\000w\000\051}{section.2}% 10
\BOOKMARK [2][-]{subsection.2.6}{\376\377\000E\000v\000a\000l\000u\000a\000t\000i\000o\000n\000\040\000P\000r\000o\000t\000o\000c\000o\000l}{section.2}% 11
\BOOKMARK [1][-]{section.3}{\376\377\000E\000x\000p\000e\000r\000i\000m\000e\000n\000t\000s\000\040\000a\000n\000d\000\040\000R\000e\000s\000u\000l\000t\000s}{}% 12
\BOOKMARK [2][-]{subsection.3.1}{\376\377\000S\000y\000n\000t\000h\000e\000t\000i\000c\000\040\000B\000e\000n\000c\000h\000m\000a\000r\000k}{section.3}% 13
\BOOKMARK [2][-]{subsection.3.2}{\376\377\000R\000e\000a\000l\000\040\000D\000a\000t\000a\000\040\000E\000v\000a\000l\000u\000a\000t\000i\000o\000n\000\040\000\050\0002\0000\0002\0004\000-\0001\0000\000-\0003\0001\000\051}{section.3}% 14
\BOOKMARK [2][-]{subsection.3.3}{\376\377\000A\000n\000a\000l\000y\000s\000i\000s\000\040\000o\000f\000\040\000S\000t\000r\000u\000c\000t\000u\000r\000a\000l\000\040\000M\000i\000s\000a\000l\000i\000g\000n\000m\000e\000n\000t\000s}{section.3}% 15
\BOOKMARK [1][-]{section.4}{\376\377\000D\000i\000s\000c\000u\000s\000s\000i\000o\000n}{}% 16
\BOOKMARK [2][-]{subsection.4.1}{\376\377\000C\000o\000m\000p\000a\000r\000i\000s\000o\000n\000\040\000w\000i\000t\000h\000\040\000E\000x\000i\000s\000t\000i\000n\000g\000\040\000D\000i\000g\000i\000t\000a\000l\000\040\000T\000w\000i\000n\000s}{section.4}% 17
\BOOKMARK [2][-]{subsection.4.2}{\376\377\000I\000m\000p\000l\000i\000c\000a\000t\000i\000o\000n\000s\000\040\000f\000o\000r\000\040\000O\000p\000e\000r\000a\000t\000i\000o\000n\000a\000l\000\040\000D\000e\000p\000l\000o\000y\000m\000e\000n\000t}{section.4}% 18
\BOOKMARK [2][-]{subsection.4.3}{\376\377\000L\000i\000m\000i\000t\000a\000t\000i\000o\000n\000s}{section.4}% 19
\BOOKMARK [2][-]{subsection.4.4}{\376\377\000R\000o\000a\000d\000m\000a\000p\000\040\000f\000o\000r\000\040\000a\000\040\000C\000o\000m\000p\000l\000e\000t\000e\000\040\000B\000r\000a\000z\000i\000l\000i\000a\000n\000\040\000F\000i\000r\000e\000\040\000D\000i\000g\000i\000t\000a\000l\000\040\000T\000w\000i\000n}{section.4}% 20
\BOOKMARK [1][-]{section.5}{\376\377\000C\000o\000n\000c\000l\000u\000s\000i\000o\000n}{}% 21
